

To use retry middleware with Faraday v2.0+, install `faraday-retry` gem
Configuration file: /home/runner/work/quest4science/quest4science/_config.yml
            Source: /home/runner/work/quest4science/quest4science
       Destination: /home/runner/work/quest4science/quest4science/_site
 Incremental build: disabled. Enable with --incremental
      Generating... 
       Jekyll Feed: Generating feed for posts
  Liquid Exception: Could not locate the included file 'firebase-auth.html' in any of ["/home/runner/work/quest4science/quest4science/_includes"]. Ensure it exists in one of those directories and, if it is a symlink, does not point outside your site source. in /home/runner/work/quest4science/quest4science/_layouts/default.html
                    ------------------------------------------------
      Jekyll 4.4.1   Please append `--trace` to the `build` command 
                     for any additional information or backtrace. 
                    ------------------------------------------------
/opt/hostedtoolcache/Ruby/3.1.7/x64/lib/ruby/gems/3.1.0/gems/jekyll-4.4.1/lib/jekyll/tags/include.rb:219:in `locate_include_file': Could not locate the included file 'firebase-auth.html' in any of ["/home/runner/work/quest4science/quest4science/_includes"]. Ensure it exists in one of those directories and, if it is a symlink, does not point outside your site source. (IOError)
	from /opt/hostedtoolcache/Ruby/3.1.7/x64/lib/ruby/gems/3.1.0/gems/jekyll-4.4.1/lib/jekyll/tags/include.rb:201:in `render'
	from /opt/hostedtoolcache/Ruby/3.1.7/x64/lib/ruby/gems/3.1.0/gems/liquid-4.0.4/lib/liquid/block_body.rb:103:in `render_node_to_output'
	from /opt/hostedtoolcache/Ruby/3.1.7/x64/lib/ruby/gems/3.1.0/gems/liquid-4.0.4/lib/liquid/block_body.rb:91:in `render'
	from /opt/hostedtoolcache/Ruby/3.1.7/x64/lib/ruby/gems/3.1.0/gems/liquid-4.0.4/lib/liquid/template.rb:206:in `block in render'
	from /opt/hostedtoolcache/Ruby/3.1.7/x64/lib/ruby/gems/3.1.0/gems/liquid-4.0.4/lib/liquid/template.rb:240:in `with_profiling'
	from /opt/hostedtoolcache/Ruby/3.1.7/x64/lib/ruby/gems/3.1.0/gems/liquid-4.0.4/lib/liquid/template.rb:205:in `render'
	from /opt/hostedtoolcache/Ruby/3.1.7/x64/lib/ruby/gems/3.1.0/gems/liquid-4.0.4/lib/liquid/template.rb:218:in `render!'
	from /opt/hostedtoolcache/Ruby/3.1.7/x64/lib/ruby/gems/3.1.0/gems/jekyll-4.4.1/lib/jekyll/liquid_renderer/file.rb:39:in `block (3 levels) in render!'
	from /opt/hostedtoolcache/Ruby/3.1.7/x64/lib/ruby/gems/3.1.0/gems/jekyll-4.4.1/lib/jekyll/liquid_renderer/file.rb:59:in `measure_counts'
	from /opt/hostedtoolcache/Ruby/3.1.7/x64/lib/ruby/gems/3.1.0/gems/jekyll-4.4.1/lib/jekyll/liquid_renderer/file.rb:38:in `block (2 levels) in render!'
	from /opt/hostedtoolcache/Ruby/3.1.7/x64/lib/ruby/gems/3.1.0/gems/jekyll-4.4.1/lib/jekyll/liquid_renderer/file.rb:63:in `measure_bytes'
	from /opt/hostedtoolcache/Ruby/3.1.7/x64/lib/ruby/gems/3.1.0/gems/jekyll-4.4.1/lib/jekyll/liquid_renderer/file.rb:37:in `block in render!'
	from /opt/hostedtoolcache/Ruby/3.1.7/x64/lib/ruby/gems/3.1.0/gems/jekyll-4.4.1/lib/jekyll/liquid_renderer/file.rb:70:in `measure_time'
	from /opt/hostedtoolcache/Ruby/3.1.7/x64/lib/ruby/gems/3.1.0/gems/jekyll-4.4.1/lib/jekyll/liquid_renderer/file.rb:36:in `render!'
	from /opt/hostedtoolcache/Ruby/3.1.7/x64/lib/ruby/gems/3.1.0/gems/jekyll-4.4.1/lib/jekyll/tags/include.rb:122:in `block in render'
	from /opt/hostedtoolcache/Ruby/3.1.7/x64/lib/ruby/gems/3.1.0/gems/liquid-4.0.4/lib/liquid/context.rb:123:in `stack'
	from /opt/hostedtoolcache/Ruby/3.1.7/x64/lib/ruby/gems/3.1.0/gems/jekyll-4.4.1/lib/jekyll/tags/include.rb:119:in `render'
	from /opt/hostedtoolcache/Ruby/3.1.7/x64/lib/ruby/gems/3.1.0/gems/jekyll-include-cache-0.2.1/lib/jekyll-include-cache/tag.rb:22:in `render'
	from /opt/hostedtoolcache/Ruby/3.1.7/x64/lib/ruby/gems/3.1.0/gems/liquid-4.0.4/lib/liquid/block_body.rb:103:in `render_node_to_output'
	from /opt/hostedtoolcache/Ruby/3.1.7/x64/lib/ruby/gems/3.1.0/gems/liquid-4.0.4/lib/liquid/block_body.rb:91:in `render'
	from /opt/hostedtoolcache/Ruby/3.1.7/x64/lib/ruby/gems/3.1.0/gems/liquid-4.0.4/lib/liquid/template.rb:206:in `block in render'
	from /opt/hostedtoolcache/Ruby/3.1.7/x64/lib/ruby/gems/3.1.0/gems/liquid-4.0.4/lib/liquid/template.rb:240:in `with_profiling'
	from /opt/hostedtoolcache/Ruby/3.1.7/x64/lib/ruby/gems/3.1.0/gems/liquid-4.0.4/lib/liquid/template.rb:205:in `render'
	from /opt/hostedtoolcache/Ruby/3.1.7/x64/lib/ruby/gems/3.1.0/gems/liquid-4.0.4/lib/liquid/template.rb:218:in `render!'
	from /opt/hostedtoolcache/Ruby/3.1.7/x64/lib/ruby/gems/3.1.0/gems/jekyll-4.4.1/lib/jekyll/liquid_renderer/file.rb:39:in `block (3 levels) in render!'
	from /opt/hostedtoolcache/Ruby/3.1.7/x64/lib/ruby/gems/3.1.0/gems/jekyll-4.4.1/lib/jekyll/liquid_renderer/file.rb:59:in `measure_counts'
	from /opt/hostedtoolcache/Ruby/3.1.7/x64/lib/ruby/gems/3.1.0/gems/jekyll-4.4.1/lib/jekyll/liquid_renderer/file.rb:38:in `block (2 levels) in render!'
	from /opt/hostedtoolcache/Ruby/3.1.7/x64/lib/ruby/gems/3.1.0/gems/jekyll-4.4.1/lib/jekyll/liquid_renderer/file.rb:63:in `measure_bytes'
	from /opt/hostedtoolcache/Ruby/3.1.7/x64/lib/ruby/gems/3.1.0/gems/jekyll-4.4.1/lib/jekyll/liquid_renderer/file.rb:37:in `block in render!'
	from /opt/hostedtoolcache/Ruby/3.1.7/x64/lib/ruby/gems/3.1.0/gems/jekyll-4.4.1/lib/jekyll/liquid_renderer/file.rb:70:in `measure_time'
	from /opt/hostedtoolcache/Ruby/3.1.7/x64/lib/ruby/gems/3.1.0/gems/jekyll-4.4.1/lib/jekyll/liquid_renderer/file.rb:36:in `render!'
	from /opt/hostedtoolcache/Ruby/3.1.7/x64/lib/ruby/gems/3.1.0/gems/jekyll-4.4.1/lib/jekyll/renderer.rb:129:in `render_liquid'
	from /opt/hostedtoolcache/Ruby/3.1.7/x64/lib/ruby/gems/3.1.0/gems/jekyll-4.4.1/lib/jekyll/renderer.rb:192:in `render_layout'
	from /opt/hostedtoolcache/Ruby/3.1.7/x64/lib/ruby/gems/3.1.0/gems/jekyll-4.4.1/lib/jekyll/renderer.rb:161:in `place_in_layouts'
	from /opt/hostedtoolcache/Ruby/3.1.7/x64/lib/ruby/gems/3.1.0/gems/jekyll-4.4.1/lib/jekyll/renderer.rb:93:in `render_document'
	from /opt/hostedtoolcache/Ruby/3.1.7/x64/lib/ruby/gems/3.1.0/gems/jekyll-4.4.1/lib/jekyll/renderer.rb:63:in `run'
	from /opt/hostedtoolcache/Ruby/3.1.7/x64/lib/ruby/gems/3.1.0/gems/jekyll-4.4.1/lib/jekyll/site.rb:572:in `render_regenerated'
	from /opt/hostedtoolcache/Ruby/3.1.7/x64/lib/ruby/gems/3.1.0/gems/jekyll-4.4.1/lib/jekyll/site.rb:557:in `block (2 levels) in render_docs'
	from /opt/hostedtoolcache/Ruby/3.1.7/x64/lib/ruby/gems/3.1.0/gems/jekyll-4.4.1/lib/jekyll/site.rb:556:in `each'
	from /opt/hostedtoolcache/Ruby/3.1.7/x64/lib/ruby/gems/3.1.0/gems/jekyll-4.4.1/lib/jekyll/site.rb:556:in `block in render_docs'
	from /opt/hostedtoolcache/Ruby/3.1.7/x64/lib/ruby/gems/3.1.0/gems/jekyll-4.4.1/lib/jekyll/site.rb:555:in `each_value'
	from /opt/hostedtoolcache/Ruby/3.1.7/x64/lib/ruby/gems/3.1.0/gems/jekyll-4.4.1/lib/jekyll/site.rb:555:in `render_docs'
	from /opt/hostedtoolcache/Ruby/3.1.7/x64/lib/ruby/gems/3.1.0/gems/jekyll-4.4.1/lib/jekyll/site.rb:210:in `render'
	from /opt/hostedtoolcache/Ruby/3.1.7/x64/lib/ruby/gems/3.1.0/gems/jekyll-4.4.1/lib/jekyll/site.rb:80:in `process'
	from /opt/hostedtoolcache/Ruby/3.1.7/x64/lib/ruby/gems/3.1.0/gems/jekyll-4.4.1/lib/jekyll/command.rb:28:in `process_site'
	from /opt/hostedtoolcache/Ruby/3.1.7/x64/lib/ruby/gems/3.1.0/gems/jekyll-4.4.1/lib/jekyll/commands/build.rb:65:in `build'
	from /opt/hostedtoolcache/Ruby/3.1.7/x64/lib/ruby/gems/3.1.0/gems/jekyll-4.4.1/lib/jekyll/commands/build.rb:36:in `process'
	from /opt/hostedtoolcache/Ruby/3.1.7/x64/lib/ruby/gems/3.1.0/gems/jekyll-4.4.1/lib/jekyll/command.rb:91:in `block in process_with_graceful_fail'
	from /opt/hostedtoolcache/Ruby/3.1.7/x64/lib/ruby/gems/3.1.0/gems/jekyll-4.4.1/lib/jekyll/command.rb:91:in `each'
	from /opt/hostedtoolcache/Ruby/3.1.7/x64/lib/ruby/gems/3.1.0/gems/jekyll-4.4.1/lib/jekyll/command.rb:91:in `process_with_graceful_fail'
	from /opt/hostedtoolcache/Ruby/3.1.7/x64/lib/ruby/gems/3.1.0/gems/jekyll-4.4.1/lib/jekyll/commands/build.rb:18:in `block (2 levels) in init_with_program'
	from /opt/hostedtoolcache/Ruby/3.1.7/x64/lib/ruby/gems/3.1.0/gems/mercenary-0.4.0/lib/mercenary/command.rb:221:in `block in execute'
	from /opt/hostedtoolcache/Ruby/3.1.7/x64/lib/ruby/gems/3.1.0/gems/mercenary-0.4.0/lib/mercenary/command.rb:221:in `each'
	from /opt/hostedtoolcache/Ruby/3.1.7/x64/lib/ruby/gems/3.1.0/gems/mercenary-0.4.0/lib/mercenary/command.rb:221:in `execute'
	from /opt/hostedtoolcache/Ruby/3.1.7/x64/lib/ruby/gems/3.1.0/gems/mercenary-0.4.0/lib/mercenary/program.rb:44:in `go'
	from /opt/hostedtoolcache/Ruby/3.1.7/x64/lib/ruby/gems/3.1.0/gems/mercenary-0.4.0/lib/mercenary.rb:21:in `program'
	from /opt/hostedtoolcache/Ruby/3.1.7/x64/lib/ruby/gems/3.1.0/gems/jekyll-4.4.1/exe/jekyll:15:in `<top (required)>'
	from /opt/hostedtoolcache/Ruby/3.1.7/x64/bin/jekyll:25:in `load'
	from /opt/hostedtoolcache/Ruby/3.1.7/x64/bin/jekyll:25:in `<top (required)>'
	from /opt/hostedtoolcache/Ruby/3.1.7/x64/lib/ruby/3.1.0/bundler/cli/exec.rb:58:in `load'
	from /opt/hostedtoolcache/Ruby/3.1.7/x64/lib/ruby/3.1.0/bundler/cli/exec.rb:58:in `kernel_load'
	from /opt/hostedtoolcache/Ruby/3.1.7/x64/lib/ruby/3.1.0/bundler/cli/exec.rb:23:in `run'
	from /opt/hostedtoolcache/Ruby/3.1.7/x64/lib/ruby/3.1.0/bundler/cli.rb:486:in `exec'
	from /opt/hostedtoolcache/Ruby/3.1.7/x64/lib/ruby/3.1.0/bundler/vendor/thor/lib/thor/command.rb:27:in `run'
	from /opt/hostedtoolcache/Ruby/3.1.7/x64/lib/ruby/3.1.0/bundler/vendor/thor/lib/thor/invocation.rb:127:in `invoke_command'
	from /opt/hostedtoolcache/Ruby/3.1.7/x64/lib/ruby/3.1.0/bundler/vendor/thor/lib/thor.rb:392:in `dispatch'
	from /opt/hostedtoolcache/Ruby/3.1.7/x64/lib/ruby/3.1.0/bundler/cli.rb:31:in `dispatch'
	from /opt/hostedtoolcache/Ruby/3.1.7/x64/lib/ruby/3.1.0/bundler/vendor/thor/lib/thor/base.rb:485:in `start'
	from /opt/hostedtoolcache/Ruby/3.1.7/x64/lib/ruby/3.1.0/bundler/cli.rb:25:in `start'
	from /opt/hostedtoolcache/Ruby/3.1.7/x64/lib/ruby/gems/3.1.0/gems/bundler-2.3.27/libexec/bundle:48:in `block in <top (required)>'
	from /opt/hostedtoolcache/Ruby/3.1.7/x64/lib/ruby/3.1.0/bundler/friendly_errors.rb:120:in `with_friendly_errors'
	from /opt/hostedtoolcache/Ruby/3.1.7/x64/lib/ruby/gems/3.1.0/gems/bundler-2.3.27/libexec/bundle:36:in `<top (required)>'
	from /opt/hostedtoolcache/Ruby/3.1.7/x64/bin/bundle:25:in `load'
	from /opt/hostedtoolcache/Ruby/3.1.7/x64/bin/bundle:25:in `<main>'
Error: Process completed with exit code 1.
0s
0s

